// Jest Snapshot v1, https://goo.gl/fbAQLP

exports[`Pruebas del <GifItem /> Debe hacer match con el snapshot 1`] = `
<div>
  <div
    class="card"
  >
    <img
      src="https://one-punch.com/saitama.jpg"
    />
    <p>
       
      Saitama
       
    </p>
  </div>
</div>
`;
